// Jest Snapshot v1, https://goo.gl/fbAQLP

exports[`<Jumbotron /> renders the <Jumbotron /> with populated data 1`] = `
<div
  class="sc-gLXSEc iLvjze"
>
  <div
    class="sc-fLVwEd kCPGwj"
  >
    <div
      class="sc-ifyrTC vCsr"
      direction="row"
    >
      <div
        class="sc-dENhDJ bJJUqz"
      >
        <h1
          class="sc-eEPDDI cSFWYH"
        >
          Enjoy on your TV.
        </h1>
        <h2
          class="sc-gutikT blNzJM"
        >
          Watch on smart TVs, PlayStation, Xbox, Chromecast, Apple TV, Blu-ray players and more.
        </h2>
      </div>
      <div
        class="sc-dENhDJ bJJUqz"
      >
        <img
          alt="Tiger King on Netflix"
          class="sc-huvEkS dNfnCB"
          data-testid="1-jumbo-image"
          src="/images/misc/home-tv.jpg"
        />
      </div>
    </div>
  </div>
  <div
    class="sc-fLVwEd kCPGwj"
  >
    <div
      class="sc-ifyrTC vCsr"
      direction="row"
    >
      <div
        class="sc-dENhDJ bJJUqz"
      >
        <h1
          class="sc-eEPDDI cSFWYH"
        >
          Download your programmes to watch on the go.
        </h1>
        <h2
          class="sc-gutikT blNzJM"
        >
          Save your data and watch all your favourites offline.
        </h2>
      </div>
      <div
        class="sc-dENhDJ bJJUqz"
      >
        <img
          alt="Watch on mobile"
          class="sc-huvEkS dNfnCB"
          data-testid="2-jumbo-image"
          src="/images/misc/home-mobile.jpg"
        />
      </div>
    </div>
  </div>
  <div
    class="sc-fLVwEd kCPGwj"
  >
    <div
      class="sc-ifyrTC vCsr"
      direction="row"
    >
      <div
        class="sc-dENhDJ bJJUqz"
      >
        <h1
          class="sc-eEPDDI cSFWYH"
        >
          Watch everywhere.
        </h1>
        <h2
          class="sc-gutikT blNzJM"
        >
          Stream unlimited films and TV programmes on your phone, tablet, laptop and TV without paying more.
        </h2>
      </div>
      <div
        class="sc-dENhDJ bJJUqz"
      >
        <img
          alt="Money Heist on Netflix"
          class="sc-huvEkS dNfnCB"
          data-testid="3-jumbo-image"
          src="/images/misc/home-imac.jpg"
        />
      </div>
    </div>
  </div>
</div>
`;
